[backblue.gif]
[fade.gif]
[index.html]
[courses.csail.mit.edu/6.006/spring11/csaillogosmall.gif]
[courses.csail.mit.edu/6.006/spring11/mit-logo.gif]
[courses.csail.mit.edu/6.006/spring11/lectures/lec01.pdf]
[courses.csail.mit.edu/6.006/spring11/lectures/lec01_code.tar.gz]
[courses.csail.mit.edu/6.006/spring11/lectures/lec01_data.tar.gz]
[courses.csail.mit.edu/6.006/spring11/rec/rec01.pdf]
[courses.csail.mit.edu/6.006/spring11/lectures/lec02.pdf]
[courses.csail.mit.edu/6.006/spring11/rec/rec02.pdf]
[courses.csail.mit.edu/6.006/spring11/lectures/lec03.pdf]
[courses.csail.mit.edu/6.006/spring11/rec/rec03.pdf]
[courses.csail.mit.edu/6.006/spring11/lectures/lec04.pdf]
[courses.csail.mit.edu/6.006/spring11/rec/rec04.pdf]
[courses.csail.mit.edu/6.006/spring11/lectures/lec05.pdf]
[courses.csail.mit.edu/6.006/spring11/rec/rec05.pdf]
[courses.csail.mit.edu/6.006/spring11/lectures/lec06.pdf]
[courses.csail.mit.edu/6.006/spring11/rec/rec06.pdf]
[courses.csail.mit.edu/6.006/spring11/lectures/lec07.pdf]
[courses.csail.mit.edu/6.006/spring11/rec/rec07.pdf]
[courses.csail.mit.edu/6.006/spring11/lectures/lec08.pdf]
[courses.csail.mit.edu/6.006/spring11/rec/rec08.pdf]
[courses.csail.mit.edu/6.006/spring11/lectures/lec09.pdf]
[courses.csail.mit.edu/6.006/spring11/rec/rec09.pdf]
[courses.csail.mit.edu/6.006/spring11/lectures/lec10.pdf]
[courses.csail.mit.edu/6.006/spring11/lectures/lec11.pdf]
[courses.csail.mit.edu/6.006/spring11/rec/rec11.pdf]
[courses.csail.mit.edu/6.006/spring11/lectures/lec12.pdf]
[courses.csail.mit.edu/6.006/spring11/rec/rec12.pdf]
[courses.csail.mit.edu/6.006/spring11/lectures/lec13.pdf]
[courses.csail.mit.edu/6.006/spring11/rec/rec13.pdf]
[courses.csail.mit.edu/6.006/spring11/lectures/lec14.pdf]
[courses.csail.mit.edu/6.006/spring11/rec/rec14.pdf]
[courses.csail.mit.edu/6.006/spring11/lectures/lec15.pdf]
[courses.csail.mit.edu/6.006/spring11/rec/rec15.pdf]
[courses.csail.mit.edu/6.006/spring11/lectures/lec16.pdf]
[courses.csail.mit.edu/6.006/spring11/rec/rec16.pdf]
[courses.csail.mit.edu/6.006/spring11/lectures/lec17.pdf]
[courses.csail.mit.edu/6.006/spring11/rec/rec17.pdf]
[courses.csail.mit.edu/6.006/spring11/lectures/lec18.pdf]
[courses.csail.mit.edu/6.006/spring11/lectures/lec18-extra.pdf]
[courses.csail.mit.edu/6.006/spring11/lectures/lec19.pdf]
[courses.csail.mit.edu/6.006/spring11/rec/rec19.pdf]
[courses.csail.mit.edu/6.006/spring11/lectures/lec20.pdf]
[courses.csail.mit.edu/6.006/spring11/lectures/lec21.pdf]
[courses.csail.mit.edu/6.006/spring11/rec/rec21.pdf]
[courses.csail.mit.edu/6.006/spring11/lectures/lec22.pdf]
[courses.csail.mit.edu/6.006/spring11/rec/rec22.pdf]
[courses.csail.mit.edu/6.006/spring11/lectures/lec23.pdf]
[courses.csail.mit.edu/6.006/spring11/rec/rec23.pdf]
[courses.csail.mit.edu/6.006/spring11/lectures/lec24.pdf]
[courses.csail.mit.edu/6.006/spring11/rec/rec24.pdf]
[courses.csail.mit.edu/6.006/spring11/lectures/lec25.pdf]
[courses.csail.mit.edu/6.006/spring11/lectures/lec26.pdf]
[courses.csail.mit.edu/6.006/spring11/notes.html]
[courses.csail.mit.edu/6.006/spring11/style.css]
[courses.csail.mit.edu/6.006/spring11/index.html]
[courses.csail.mit.edu/6.006/spring11/staff.html]
[courses.csail.mit.edu/6.006/spring11/info.html]
[courses.csail.mit.edu/6.006/spring11/calendar.pdf]
[courses.csail.mit.edu/6.006/spring11/calendar.html]
[courses.csail.mit.edu/6.006/spring11/psets/macros.tex]
[courses.csail.mit.edu/6.006/spring11/psets/clrscode.sty]
[courses.csail.mit.edu/6.006/spring11/psets/ps1.pdf]
[courses.csail.mit.edu/6.006/spring11/psets/ps1_codingpart1.tar.gz]
[courses.csail.mit.edu/6.006/spring11/psets/ps1_codingpart2.tar.gz]
[courses.csail.mit.edu/6.006/spring11/psets/ps1-template.tex]
[courses.csail.mit.edu/6.006/spring11/psets/ps1_sol.pdf]
[courses.csail.mit.edu/6.006/spring11/psets/ps2.pdf]
[courses.csail.mit.edu/6.006/spring11/psets/ps2_code.tar.gz]
[courses.csail.mit.edu/6.006/spring11/psets/ps2_dnaseqdata.tar.gz]
[courses.csail.mit.edu/6.006/spring11/psets/ps2-template.tex]
[courses.csail.mit.edu/6.006/spring11/psets/ps2_sol.pdf]
[courses.csail.mit.edu/6.006/spring11/psets/ps3.pdf]
[courses.csail.mit.edu/6.006/spring11/psets/ps3_code.tar.gz]
[courses.csail.mit.edu/6.006/spring11/psets/ps3_data.tar.gz]
[courses.csail.mit.edu/6.006/spring11/psets/ps3-template.tex]
[courses.csail.mit.edu/6.006/spring11/psets/ps3_sol.pdf]
[courses.csail.mit.edu/6.006/spring11/psets/ps4.pdf]
[courses.csail.mit.edu/6.006/spring11/psets/ps4_code.tar.gz]
[courses.csail.mit.edu/6.006/spring11/psets/ps4-template.tex]
[courses.csail.mit.edu/6.006/spring11/psets/ps4_sol.pdf]
[courses.csail.mit.edu/6.006/spring11/psets/ps5.pdf]
[courses.csail.mit.edu/6.006/spring11/psets/ps5_code.tar.gz]
[courses.csail.mit.edu/6.006/spring11/psets/ps5-template.tex]
[courses.csail.mit.edu/6.006/spring11/psets/ps5_sol.pdf]
[courses.csail.mit.edu/6.006/spring11/psets/ps5_solb.pdf]
[courses.csail.mit.edu/6.006/spring11/psets/ps6.pdf]
[courses.csail.mit.edu/6.006/spring11/psets/ps6b_code.gz]
[courses.csail.mit.edu/6.006/spring11/psets/ps6-template.tex]
[courses.csail.mit.edu/6.006/spring11/psets/ps6_sol.pdf]
[courses.csail.mit.edu/6.006/spring11/psets/ps7.pdf]
[courses.csail.mit.edu/6.006/spring11/psets/ps7-template.tex]
[courses.csail.mit.edu/6.006/spring11/psets/ps7_sol.pdf]
[courses.csail.mit.edu/6.006/spring11/psets.html]
[courses.csail.mit.edu/6.006/spring11/exams/notes1-1.pdf]
[courses.csail.mit.edu/6.006/spring11/exams/notes1-2.pdf]
[courses.csail.mit.edu/6.006/spring11/exams/notes1-3.pdf]
[courses.csail.mit.edu/6.006/spring11/exams/quiz1-sol.pdf]
[courses.csail.mit.edu/6.006/spring11/exams/notes2-1.pdf]
[courses.csail.mit.edu/6.006/spring11/exams/notes2-2.pdf]
[courses.csail.mit.edu/6.006/spring11/exams/notes2-3.pdf]
[courses.csail.mit.edu/6.006/spring11/exams/quiz2.pdf]
[courses.csail.mit.edu/6.006/spring11/exams/quiz2-sol.pdf]
[courses.csail.mit.edu/6.006/spring11/exams/notes3-dp.pdf]
[courses.csail.mit.edu/6.006/spring11/exams/notes3-newton.pdf]
[courses.csail.mit.edu/6.006/spring11/exams/notes3-karatsuba.pdf]
[courses.csail.mit.edu/6.006/spring11/exams/quiz3.pdf]
[courses.csail.mit.edu/6.006/spring11/exams/quiz3-sol.pdf]
[courses.csail.mit.edu/6.006/spring11/quizzes.html]
[courses.csail.mit.edu/6.006/spring11/rsrc/clrscode.pdf]
[courses.csail.mit.edu/6.006/spring11/resources.html]
[courses.csail.mit.edu/6.006/spring11/exams/quiz1.html]
